[pid:27336] 2026-09-29T11:11:37.387682Z  INFO shioaji::api::api_v1::auth::token_login: No cached token available, performing new login
[pid:27336] 2026-09-29T11:11:37.712160Z  INFO shioaji::api::api_v1::auth::token_login: Stored new token in slot 5
[pid:27336] 2026-09-29T11:11:40.206469Z  INFO shioaji::contracts_v2::traffic: contract backend response endpoint="contracts_version" regions=Some([TW]) security_types=Some([Stock]) bytes=198
[pid:27336] 2026-09-29T11:11:40.216793Z  INFO shioaji::contracts_v2::traffic: contract disk cache cache="hit" block="base" region=TW security_type=STK bytes=9281
[pid:27336] 2026-09-29T11:11:40.226246Z  INFO shioaji::contracts_v2::traffic: contract disk cache cache="hit" block="info" region=TW security_type=STK bytes=86499
[pid:27336] 2026-09-29T11:11:45.078778Z  INFO shioaji::api::token_pool: Removed invalid token from slot 5
[pid:27336] 2026-09-29T11:11:45.085024Z  INFO shioaji::api: msg receiver error: Closed
[pid:44080] 2026-09-30T12:45:39.751588Z  INFO shioaji::api::api_v1::auth::token_login: No cached token available, performing new login
[pid:44080] 2026-09-30T12:45:40.063353Z  INFO shioaji::api::api_v1::auth::token_login: Stored new token in slot 5
[pid:44080] 2026-09-30T12:45:42.390956Z  INFO shioaji::contracts_v2::traffic: contract backend response endpoint="contracts_version" regions=Some([TW]) security_types=Some([Stock]) bytes=198
[pid:44080] 2026-09-30T12:45:42.398874Z  INFO shioaji::contracts_v2::traffic: contract disk cache cache="hit" block="base" region=TW security_type=STK bytes=9291
[pid:44080] 2026-09-30T12:45:42.409319Z  INFO shioaji::contracts_v2::traffic: contract disk cache cache="hit" block="info" region=TW security_type=STK bytes=86665
[pid:44080] 2026-09-30T12:46:27.666436Z  INFO shioaji::api::token_pool: Removed invalid token from slot 5
[pid:44080] 2026-09-30T12:46:27.669381Z  INFO shioaji::api: msg receiver error: Closed
[pid:39504] 2026-10-01T10:51:58.193516Z  INFO shioaji::api::api_v1::auth::token_login: No cached token available, performing new login
[pid:39504] 2026-10-01T10:51:58.506477Z  INFO shioaji::api::api_v1::auth::token_login: Stored new token in slot 5
[pid:39504] 2026-10-01T10:52:02.723454Z  INFO shioaji::api::token_pool: Removed invalid token from slot 5
[pid:39504] 2026-10-01T10:52:02.743130Z  INFO shioaji::api: P2P receiver closed: Closed
[pid:39504] 2026-10-01T10:52:02.743134Z  INFO shioaji::api: msg receiver error: Closed
[pid:38568] 2026-10-01T14:46:42.560296Z  INFO shioaji::api::api_v1::auth::token_login: No cached token available, performing new login
[pid:38568] 2026-10-01T14:46:43.315721Z  INFO shioaji::api::api_v1::auth::token_login: Stored new token in slot 5
[pid:38568] 2026-10-01T14:46:48.131875Z  INFO shioaji::api::token_pool: Removed invalid token from slot 5
[pid:38568] 2026-10-01T14:46:48.144206Z  INFO shioaji::api: msg receiver error: Closed
[pid:38568] 2026-10-01T14:46:48.144246Z  INFO shioaji::api: P2P receiver closed: Closed
